---
source: crates/scribe2/tests/e2e/seat.rs
expression: form
---
seat: role=orchestrator anchor=/repo target=rolesdoc:rolesdoc account=acct-1 model=Opus default=no-rule:missing paths=default heartbeat=on tick=no-rule:missing anchor-dir=missing
seats: registered=1 live=unmeasurable missing=unmeasurable
host-manifest=absent
consumer=/repo source=launch scope=- binary=unrecorded plugin=unrecorded ledger=- cache=absent head=undeclared behind=- drift=unrecorded
host-guard: git=no-row tmux=no-row ledger=no-row rm=no-row publish=no-row self-match=no-row self=on rows=0/6 wired=0/0 entities=0 binary=ok ungrouped=1
