---
source: crates/scribe2-boundary/tests/e2e/pipe.rs
expression: form
---
usage: scribe2 pipe <intake|preflight|spawn|approve|answer|gate|land|retire|run|show|resume|stop|report|dispatch> [--state-dir D] [--repo R（cwd は読まない＝--state-dir の無い周と便の写し面の無い周は要る）] [--rules PATH] [stop: --all [--reason WORDS（live な便が 2 本以上の周は要る）]|--run ID] [dispatch: (1 周)|ls|first|hold|release BEAD|memo-lens MEMO] [dispatch hold: --reason WORDS（要る）] [run|resume: --drive] [land: --terminal-only|--detection-only|--after-land] [--runner CMD] [flags]
usage: scribe2 pipe land-window [--state-dir D] --repo R [--wait-s N]（pipeline 外の merge の前置: 開けば rc 0 の clear・待ちが切れれば rc 1 の busy）
usage: scribe2 pipe regate --run ID --reason WORDS [--state-dir D] [--repo R]（判定 FAIL の Gated を裁定の逐語つきで同じ worktree の Implemented へ 1 段戻す・最新の Gated につき 1 回）
usage: scribe2 pipe follow --run ID [--state-dir D] [--repo R]（終端でない便の木だけを main の先端へ載せ替えて段を Implemented へ戻す・gate は撃たない・衝突は木を戻して断る）
usage: scribe2 pipe anchor-sync --repo R [--state-dir D] [--rules PATH]（着地が揃えなかった anchor の index と作業の木のうち着地前の中身のままの path だけを main の先端へ戻して印を外す・利用者の編集は触らない）
usage: scribe2 pipe review --ref SHA --repo R --state-dir S --lens CMD [--rules PATH]（設計の PR の head の commit で変わった契約表の行ごとに機械の検査と lens を撃ち、行ごとの記録と ref の記録を置き場に書いて [ROW-REVIEW] の行を返す・pass は rc 0・fail と pending と stale は rc 1・組めない周は rc 2）
usage: scribe2 pipe index build --repo R --state-dir S [--ref SHA] [--rules PATH]（ref〔既定は HEAD〕の commit の code の索引を、宣言の 2 key の command で組んで置き場へ置き、[INDEX] の 1 行を返す・built と cached は rc 0・failed は rc 1・宣言の不備と組めない周は rc 2・宣言の無い repo は undeclared で rc 0）
usage: scribe2 pipe index show --repo R --state-dir S [--ref SHA] [--rules PATH] (--row DOC#ID | --item PATH)…（ref〔既定は HEAD〕の commit の索引から、行の touches と節の名指し・名を項目に 7 列の件数と site と write-set の外の印と母集団を出す・組めない周は index=unavailable:<語>・宣言の無い repo は index=unavailable:undeclared で rc 0・宣言の不備と引けない行と解けない ref は rc 2）
usage: scribe2 pipe permit --bead B --rule ID (--value N --until YYYY-MM-DDTHH:MMZ --ruling ID|--revoke) [--state-dir D] [--repo R（記帳の周は要る）] [--rules PATH] [--bd CMD]（bead 1 つの上限の行を、user の裁定に結んだ値へ期限つきで上げる記帳か、その取り消しを 1 件書く・列は撃たない・断りは rc 1・読めない周は rc 2）
pipe: --run が要る
pipe: --all が要る
usage: scribe2 pipe <intake|preflight|spawn|approve|answer|gate|land|retire|run|show|resume|stop|report|dispatch> [--state-dir D] [--repo R（cwd は読まない＝--state-dir の無い周と便の写し面の無い周は要る）] [--rules PATH] [stop: --all [--reason WORDS（live な便が 2 本以上の周は要る）]|--run ID] [dispatch: (1 周)|ls|first|hold|release BEAD|memo-lens MEMO] [dispatch hold: --reason WORDS（要る）] [run|resume: --drive] [land: --terminal-only|--detection-only|--after-land] [--runner CMD] [flags]
usage: scribe2 pipe land-window [--state-dir D] --repo R [--wait-s N]（pipeline 外の merge の前置: 開けば rc 0 の clear・待ちが切れれば rc 1 の busy）
usage: scribe2 pipe regate --run ID --reason WORDS [--state-dir D] [--repo R]（判定 FAIL の Gated を裁定の逐語つきで同じ worktree の Implemented へ 1 段戻す・最新の Gated につき 1 回）
usage: scribe2 pipe follow --run ID [--state-dir D] [--repo R]（終端でない便の木だけを main の先端へ載せ替えて段を Implemented へ戻す・gate は撃たない・衝突は木を戻して断る）
usage: scribe2 pipe anchor-sync --repo R [--state-dir D] [--rules PATH]（着地が揃えなかった anchor の index と作業の木のうち着地前の中身のままの path だけを main の先端へ戻して印を外す・利用者の編集は触らない）
usage: scribe2 pipe review --ref SHA --repo R --state-dir S --lens CMD [--rules PATH]（設計の PR の head の commit で変わった契約表の行ごとに機械の検査と lens を撃ち、行ごとの記録と ref の記録を置き場に書いて [ROW-REVIEW] の行を返す・pass は rc 0・fail と pending と stale は rc 1・組めない周は rc 2）
usage: scribe2 pipe index build --repo R --state-dir S [--ref SHA] [--rules PATH]（ref〔既定は HEAD〕の commit の code の索引を、宣言の 2 key の command で組んで置き場へ置き、[INDEX] の 1 行を返す・built と cached は rc 0・failed は rc 1・宣言の不備と組めない周は rc 2・宣言の無い repo は undeclared で rc 0）
usage: scribe2 pipe index show --repo R --state-dir S [--ref SHA] [--rules PATH] (--row DOC#ID | --item PATH)…（ref〔既定は HEAD〕の commit の索引から、行の touches と節の名指し・名を項目に 7 列の件数と site と write-set の外の印と母集団を出す・組めない周は index=unavailable:<語>・宣言の無い repo は index=unavailable:undeclared で rc 0・宣言の不備と引けない行と解けない ref は rc 2）
usage: scribe2 pipe permit --bead B --rule ID (--value N --until YYYY-MM-DDTHH:MMZ --ruling ID|--revoke) [--state-dir D] [--repo R（記帳の周は要る）] [--rules PATH] [--bd CMD]（bead 1 つの上限の行を、user の裁定に結んだ値へ期限つきで上げる記帳か、その取り消しを 1 件書く・列は撃たない・断りは rc 1・読めない周は rc 2）
pipe: 未知の引数 --no-review（審査の段を飛ばす口は無い）
usage: scribe2 pipe <intake|preflight|spawn|approve|answer|gate|land|retire|run|show|resume|stop|report|dispatch> [--state-dir D] [--repo R（cwd は読まない＝--state-dir の無い周と便の写し面の無い周は要る）] [--rules PATH] [stop: --all [--reason WORDS（live な便が 2 本以上の周は要る）]|--run ID] [dispatch: (1 周)|ls|first|hold|release BEAD|memo-lens MEMO] [dispatch hold: --reason WORDS（要る）] [run|resume: --drive] [land: --terminal-only|--detection-only|--after-land] [--runner CMD] [flags]
usage: scribe2 pipe land-window [--state-dir D] --repo R [--wait-s N]（pipeline 外の merge の前置: 開けば rc 0 の clear・待ちが切れれば rc 1 の busy）
usage: scribe2 pipe regate --run ID --reason WORDS [--state-dir D] [--repo R]（判定 FAIL の Gated を裁定の逐語つきで同じ worktree の Implemented へ 1 段戻す・最新の Gated につき 1 回）
usage: scribe2 pipe follow --run ID [--state-dir D] [--repo R]（終端でない便の木だけを main の先端へ載せ替えて段を Implemented へ戻す・gate は撃たない・衝突は木を戻して断る）
usage: scribe2 pipe anchor-sync --repo R [--state-dir D] [--rules PATH]（着地が揃えなかった anchor の index と作業の木のうち着地前の中身のままの path だけを main の先端へ戻して印を外す・利用者の編集は触らない）
usage: scribe2 pipe review --ref SHA --repo R --state-dir S --lens CMD [--rules PATH]（設計の PR の head の commit で変わった契約表の行ごとに機械の検査と lens を撃ち、行ごとの記録と ref の記録を置き場に書いて [ROW-REVIEW] の行を返す・pass は rc 0・fail と pending と stale は rc 1・組めない周は rc 2）
usage: scribe2 pipe index build --repo R --state-dir S [--ref SHA] [--rules PATH]（ref〔既定は HEAD〕の commit の code の索引を、宣言の 2 key の command で組んで置き場へ置き、[INDEX] の 1 行を返す・built と cached は rc 0・failed は rc 1・宣言の不備と組めない周は rc 2・宣言の無い repo は undeclared で rc 0）
usage: scribe2 pipe index show --repo R --state-dir S [--ref SHA] [--rules PATH] (--row DOC#ID | --item PATH)…（ref〔既定は HEAD〕の commit の索引から、行の touches と節の名指し・名を項目に 7 列の件数と site と write-set の外の印と母集団を出す・組めない周は index=unavailable:<語>・宣言の無い repo は index=unavailable:undeclared で rc 0・宣言の不備と引けない行と解けない ref は rc 2）
usage: scribe2 pipe permit --bead B --rule ID (--value N --until YYYY-MM-DDTHH:MMZ --ruling ID|--revoke) [--state-dir D] [--repo R（記帳の周は要る）] [--rules PATH] [--bd CMD]（bead 1 つの上限の行を、user の裁定に結んだ値へ期限つきで上げる記帳か、その取り消しを 1 件書く・列は撃たない・断りは rc 1・読めない周は rc 2）
