---
source: crates/scribe2/tests/e2e/rules.rs
expression: form
---
usage: scribe2 <name|--version|doctor|account|rules|fleet|vessel|hook|host-guard|pipe|runner|lens|seat|polarity|contracts|utterance>
rules: ok rows=109 kinds=95
rules: no such id
95
rules: ok rows=109 kinds=95 accounts=2 plugins=2 launch-args=2 host=present
usage: rules <validate|get <id>> [--rules PATH] [--state-dir S]
