---
source: crates/scribe2/tests/e2e/polarity.rs
expression: form
---
guard=choice-question-deny timing=in-loop on-failure=fail-closed boundary=hook::choice_question::ChoiceQuestionDecision
guard=answer-mouth-deny timing=in-loop on-failure=fail-closed boundary=hook::answer_mouth::AnswerMouthDecision
guard=write-set-guard timing=in-loop on-failure=fail-closed boundary=hook::guard::Decision
guard=permission-deny timing=in-loop on-failure=fail-closed boundary=hook::permission::PermissionDecision
guard=command-guard timing=in-loop on-failure=fail-closed boundary=hook::command::CommandDecision
guard=ledger-guard timing=in-loop on-failure=fail-closed boundary=hook::ledger_guard::LedgerDecision
guard=anchor-guard timing=in-loop on-failure=fail-closed boundary=hook::anchor_guard::AnchorDecision
guard=merge-gate timing=in-loop on-failure=fail-closed boundary=hook::merge_gate::MergeDecision
guard=host-guard timing=in-loop on-failure=fail-closed boundary=hook::host_guard::HostGuardDecision
guard=register-refusal timing=in-loop on-failure=fail-closed boundary=seat::role::RegisterRefusal
guard=role-guard timing=in-loop on-failure=fail-closed boundary=hook::role_guard::RoleDecision
guard=bypass-deny timing=in-loop on-failure=fail-closed boundary=hook::bypass_guard::BypassDecision
guard=drafts-guard timing=in-loop on-failure=fail-closed boundary=hook::drafts_guard::DraftsDecision
guard=live-row-guard timing=in-loop on-failure=fail-closed boundary=hook::live_row::LiveRowDecision
guard=contract-table timing=post-hoc on-failure=fail-closed boundary=pipe::table::TableError
guard=intake-unfit timing=in-loop on-failure=fail-closed boundary=pipe::declaration::Unfit
guard=intake-refuse timing=in-loop on-failure=fail-closed boundary=pipe::refuse::Refuse
guard=review-gate timing=in-loop on-failure=fail-closed boundary=pipe::review::ReviewCheck
guard=spawn-budget timing=in-loop on-failure=fail-closed boundary=pipe::Budget
guard=approval-gate timing=in-loop on-failure=fail-closed boundary=pipe::approve::Approval
guard=runner-stop timing=in-loop on-failure=fail-open boundary=headless::runner::Decision
guard=runner-question timing=in-loop on-failure=fail-open boundary=headless::runner::Ending
guard=gate-health timing=in-loop on-failure=fail-open boundary=pipe::health::Health
guard=gate-check timing=post-hoc on-failure=fail-closed boundary=pipe::gate::Check
guard=gate-move-proof timing=post-hoc on-failure=fail-open boundary=pipe::move_proof::LensInput
guard=gate-lens timing=post-hoc on-failure=fail-closed boundary=pipe::gate::Verdict
guard=land-main-check timing=post-hoc on-failure=fail-closed boundary=pipe::land::MainCheck
guard=land-anchor-sync timing=in-loop on-failure=fail-closed boundary=pipe::land::AnchorPlan
guard=land-worktree-clean timing=in-loop on-failure=fail-closed boundary=pipe::land::WorktreeCheck
guard=follow-retry timing=in-loop on-failure=fail-closed boundary=pipe::follow::FollowCheck
guard=store-lock timing=in-loop on-failure=fail-closed boundary=fleet::store::StoreError
guard=inject-refusal timing=in-loop on-failure=fail-closed boundary=seat::inject::Delivery
guard=spawn-line timing=in-loop on-failure=fail-closed boundary=pipe::spawn::LineRefusal
guard=land-terminal timing=post-hoc on-failure=fail-closed boundary=pipe::land::Terminal
guard=turn-end-block timing=in-loop on-failure=fail-open boundary=hook::turn_end::TurnEndDecision
polarity: guards=35 in-loop=29 post-hoc=6 fail-open=5
